2025-09-15 16:38:39 - data_collect - INFO - E_test.py:39 - 55764:134392284084032 - add camera : /World/forklift_E/Links/fork/fork_camera
2025-09-15 16:38:39 - data_collect - INFO - E_test.py:39 - 55764:134392284084032 - add camera : /World/forklift_E/Links/body/body_front_camra
2025-09-15 16:38:40 - data_collect - INFO - E_test.py:39 - 55764:134392284084032 - add camera : /World/forklift_E/Links/body/body_back_camra
2025-09-15 16:38:40 - data_collect - INFO - E_test.py:47 - 55764:134392284084032 - add lidar : /World/mid360_front
2025-09-22 16:00:14 - data_collect - INFO - E_test.py:39 - 24169:131560991684416 - add camera : /World/forklift_E/Links/fork/fork_camera
2025-09-22 16:00:14 - data_collect - INFO - E_test.py:39 - 24169:131560991684416 - add camera : /World/forklift_E/Links/body/body_front_camra
2025-09-22 16:00:14 - data_collect - INFO - E_test.py:39 - 24169:131560991684416 - add camera : /World/forklift_E/Links/body/body_back_camra
2025-09-22 16:00:14 - data_collect - INFO - E_test.py:47 - 24169:131560991684416 - add lidar : /World/mid360_front
2025-09-23 09:56:52 - data_collect - INFO - E_test.py:78 - 78313:136706114959168 - add switch : /World/forklift_E/Links/fork/right_h_switch/h_limit_switch_/mesh/Contact_Sensor
2025-09-23 09:56:52 - data_collect - INFO - E_test.py:78 - 78313:136706114959168 - add switch : /World/forklift_E/Links/fork/left_h_switch/h_limit_switch_/mesh/Contact_Sensor
2025-09-23 09:56:52 - data_collect - INFO - E_test.py:78 - 78313:136706114959168 - add switch : /World/forklift_E/Links/fork/right_v_switch/v_limit_switch/mesh/Contact_Sensor
2025-09-23 09:56:52 - data_collect - INFO - E_test.py:78 - 78313:136706114959168 - add switch : /World/forklift_E/Links/fork/left_v_switch/v_limit_switch/mesh/Contact_Sensor
2025-09-23 10:09:50 - data_collect - INFO - E_test.py:78 - 79586:136616423323456 - add switch : /World/forklift_E/Links/fork/right_h_switch/h_limit_switch_/mesh/Contact_Sensor
2025-09-23 10:09:50 - data_collect - INFO - E_test.py:78 - 79586:136616423323456 - add switch : /World/forklift_E/Links/fork/left_h_switch/h_limit_switch_/mesh/Contact_Sensor
2025-09-23 10:09:50 - data_collect - INFO - E_test.py:78 - 79586:136616423323456 - add switch : /World/forklift_E/Links/fork/right_v_switch/v_limit_switch/mesh/Contact_Sensor
2025-09-23 10:09:50 - data_collect - INFO - E_test.py:78 - 79586:136616423323456 - add switch : /World/forklift_E/Links/fork/left_v_switch/v_limit_switch/mesh/Contact_Sensor
2025-09-23 10:15:48 - data_collect - INFO - E_test.py:78 - 80518:131795870353216 - add switch : /World/forklift_E/Links/fork/right_h_switch/h_limit_switch_/mesh/Contact_Sensor
2025-09-23 10:15:48 - data_collect - INFO - E_test.py:78 - 80518:131795870353216 - add switch : /World/forklift_E/Links/fork/left_h_switch/h_limit_switch_/mesh/Contact_Sensor
2025-09-23 10:15:48 - data_collect - INFO - E_test.py:78 - 80518:131795870353216 - add switch : /World/forklift_E/Links/fork/right_v_switch/v_limit_switch/mesh/Contact_Sensor
2025-09-23 10:15:48 - data_collect - INFO - E_test.py:78 - 80518:131795870353216 - add switch : /World/forklift_E/Links/fork/left_v_switch/v_limit_switch/mesh/Contact_Sensor
2025-09-23 10:18:19 - data_collect - INFO - E_test.py:78 - 81319:137028527109952 - add switch : /World/forklift_E/Links/fork/right_h_switch/h_limit_switch_/mesh/Contact_Sensor
2025-09-23 10:18:19 - data_collect - INFO - E_test.py:78 - 81319:137028527109952 - add switch : /World/forklift_E/Links/fork/left_h_switch/h_limit_switch_/mesh/Contact_Sensor
2025-09-23 10:18:19 - data_collect - INFO - E_test.py:78 - 81319:137028527109952 - add switch : /World/forklift_E/Links/fork/right_v_switch/v_limit_switch/mesh/Contact_Sensor
2025-09-23 10:18:19 - data_collect - INFO - E_test.py:78 - 81319:137028527109952 - add switch : /World/forklift_E/Links/fork/left_v_switch/v_limit_switch/mesh/Contact_Sensor
2025-09-23 10:20:33 - data_collect - INFO - E_test.py:78 - 82028:133033582135104 - add switch : /World/forklift_E/Links/fork/right_h_switch/h_limit_switch_/mesh/Contact_Sensor
2025-09-23 10:20:33 - data_collect - INFO - E_test.py:78 - 82028:133033582135104 - add switch : /World/forklift_E/Links/fork/left_h_switch/h_limit_switch_/mesh/Contact_Sensor
2025-09-23 10:20:33 - data_collect - INFO - E_test.py:78 - 82028:133033582135104 - add switch : /World/forklift_E/Links/fork/right_v_switch/v_limit_switch/mesh/Contact_Sensor
2025-09-23 10:20:33 - data_collect - INFO - E_test.py:78 - 82028:133033582135104 - add switch : /World/forklift_E/Links/fork/left_v_switch/v_limit_switch/mesh/Contact_Sensor
2025-09-23 10:26:29 - data_collect - INFO - E_test.py:33 - 83084:131229397456704 - add camera : /World/forklift_E/Links/fork/fork_camera
2025-09-23 10:26:29 - data_collect - INFO - E_test.py:33 - 83084:131229397456704 - add camera : /World/forklift_E/Links/body/body_front_camra
2025-09-23 10:26:30 - data_collect - INFO - E_test.py:33 - 83084:131229397456704 - add camera : /World/forklift_E/Links/body/body_back_camra
2025-09-23 10:26:30 - data_collect - INFO - E_test.py:43 - 83084:131229397456704 - add lidar : /World/mid360_front
2025-09-23 10:26:30 - data_collect - INFO - E_test.py:43 - 83084:131229397456704 - add lidar : /World/mid360_right
2025-09-23 10:26:30 - data_collect - INFO - E_test.py:43 - 83084:131229397456704 - add lidar : /World/mid360_left
2025-09-23 10:26:30 - data_collect - INFO - E_test.py:43 - 83084:131229397456704 - add lidar : /World/mid360_fork
2025-09-23 10:26:30 - data_collect - INFO - vla_data_collection.py:28 - 83084:131148621534912 - start SensorsThread
2025-09-23 10:26:30 - data_collect - INFO - E_test.py:78 - 83084:131229397456704 - add switch : /World/forklift_E/Links/fork/right_h_switch/h_limit_switch_/mesh/Contact_Sensor
2025-09-23 10:26:30 - data_collect - INFO - E_test.py:78 - 83084:131229397456704 - add switch : /World/forklift_E/Links/fork/left_h_switch/h_limit_switch_/mesh/Contact_Sensor
2025-09-23 10:26:30 - data_collect - INFO - E_test.py:78 - 83084:131229397456704 - add switch : /World/forklift_E/Links/fork/right_v_switch/v_limit_switch/mesh/Contact_Sensor
2025-09-23 10:26:30 - data_collect - INFO - E_test.py:78 - 83084:131229397456704 - add switch : /World/forklift_E/Links/fork/left_v_switch/v_limit_switch/mesh/Contact_Sensor
2025-09-23 10:29:01 - data_collect - INFO - E_test.py:33 - 83959:136707713550144 - add camera : /World/forklift_E/Links/fork/fork_camera
2025-09-23 10:29:02 - data_collect - INFO - E_test.py:33 - 83959:136707713550144 - add camera : /World/forklift_E/Links/body/body_front_camra
2025-09-23 10:29:02 - data_collect - INFO - E_test.py:33 - 83959:136707713550144 - add camera : /World/forklift_E/Links/body/body_back_camra
2025-09-23 10:29:02 - data_collect - INFO - E_test.py:43 - 83959:136707713550144 - add lidar : /World/mid360_front
2025-09-23 10:29:02 - data_collect - INFO - E_test.py:43 - 83959:136707713550144 - add lidar : /World/mid360_right
2025-09-23 10:29:02 - data_collect - INFO - E_test.py:43 - 83959:136707713550144 - add lidar : /World/mid360_left
2025-09-23 10:29:02 - data_collect - INFO - E_test.py:43 - 83959:136707713550144 - add lidar : /World/mid360_fork
2025-09-23 10:29:02 - data_collect - INFO - vla_data_collection.py:28 - 83959:136626825049792 - start SensorsThread
2025-09-23 10:29:02 - data_collect - INFO - E_test.py:78 - 83959:136707713550144 - add switch : /World/forklift_E/Links/fork/right_h_switch/h_limit_switch_/mesh/Contact_Sensor
2025-09-23 10:29:02 - data_collect - INFO - E_test.py:78 - 83959:136707713550144 - add switch : /World/forklift_E/Links/fork/left_h_switch/h_limit_switch_/mesh/Contact_Sensor
2025-09-23 10:29:02 - data_collect - INFO - E_test.py:78 - 83959:136707713550144 - add switch : /World/forklift_E/Links/fork/right_v_switch/v_limit_switch/mesh/Contact_Sensor
2025-09-23 10:29:02 - data_collect - INFO - E_test.py:78 - 83959:136707713550144 - add switch : /World/forklift_E/Links/fork/left_v_switch/v_limit_switch/mesh/Contact_Sensor
2025-09-23 10:37:36 - data_collect - INFO - E_test.py:33 - 85718:133161365473088 - add camera : /World/forklift_E/Links/fork/fork_camera
2025-09-23 10:37:36 - data_collect - INFO - E_test.py:33 - 85718:133161365473088 - add camera : /World/forklift_E/Links/body/body_front_camra
2025-09-23 10:37:36 - data_collect - INFO - E_test.py:33 - 85718:133161365473088 - add camera : /World/forklift_E/Links/body/body_back_camra
2025-09-23 10:37:36 - data_collect - INFO - E_test.py:43 - 85718:133161365473088 - add lidar : /World/mid360_front
2025-09-23 10:37:36 - data_collect - INFO - E_test.py:43 - 85718:133161365473088 - add lidar : /World/mid360_right
2025-09-23 10:37:36 - data_collect - INFO - E_test.py:43 - 85718:133161365473088 - add lidar : /World/mid360_left
2025-09-23 10:37:36 - data_collect - INFO - E_test.py:43 - 85718:133161365473088 - add lidar : /World/mid360_fork
2025-09-23 10:37:36 - data_collect - INFO - vla_data_collection.py:28 - 85718:133080729761472 - start SensorsThread
2025-09-23 10:37:36 - data_collect - INFO - E_test.py:78 - 85718:133161365473088 - add switch : /World/forklift_E/Links/fork/right_h_switch/h_limit_switch_/mesh/Contact_Sensor
2025-09-23 10:37:36 - data_collect - INFO - E_test.py:78 - 85718:133161365473088 - add switch : /World/forklift_E/Links/fork/left_h_switch/h_limit_switch_/mesh/Contact_Sensor
2025-09-23 10:37:36 - data_collect - INFO - E_test.py:78 - 85718:133161365473088 - add switch : /World/forklift_E/Links/fork/right_v_switch/v_limit_switch/mesh/Contact_Sensor
2025-09-23 10:37:37 - data_collect - INFO - E_test.py:78 - 85718:133161365473088 - add switch : /World/forklift_E/Links/fork/left_v_switch/v_limit_switch/mesh/Contact_Sensor
2025-09-23 10:56:56 - data_collect - INFO - E_test.py:33 - 91311:139707890665280 - add camera : /World/forklift_E/Links/fork/fork_camera
2025-09-23 10:56:56 - data_collect - INFO - E_test.py:33 - 91311:139707890665280 - add camera : /World/forklift_E/Links/body/body_front_camra
2025-09-23 10:56:56 - data_collect - INFO - E_test.py:33 - 91311:139707890665280 - add camera : /World/forklift_E/Links/body/body_back_camra
2025-09-23 10:56:56 - data_collect - INFO - E_test.py:43 - 91311:139707890665280 - add lidar : /World/mid360_front
2025-09-23 10:56:56 - data_collect - INFO - E_test.py:43 - 91311:139707890665280 - add lidar : /World/mid360_right
2025-09-23 10:56:56 - data_collect - INFO - E_test.py:43 - 91311:139707890665280 - add lidar : /World/mid360_left
2025-09-23 10:56:56 - data_collect - INFO - E_test.py:43 - 91311:139707890665280 - add lidar : /World/mid360_fork
2025-09-23 10:56:56 - data_collect - INFO - vla_data_collection.py:28 - 91311:139627119752896 - start SensorsThread
2025-09-23 10:56:56 - data_collect - INFO - E_test.py:78 - 91311:139707890665280 - add switch : /World/forklift_E/Links/fork/right_h_switch/h_limit_switch_/mesh/Contact_Sensor
2025-09-23 10:56:56 - data_collect - INFO - E_test.py:78 - 91311:139707890665280 - add switch : /World/forklift_E/Links/fork/left_h_switch/h_limit_switch_/mesh/Contact_Sensor
2025-09-23 10:56:56 - data_collect - INFO - E_test.py:78 - 91311:139707890665280 - add switch : /World/forklift_E/Links/fork/right_v_switch/v_limit_switch/mesh/Contact_Sensor
2025-09-23 10:56:56 - data_collect - INFO - E_test.py:78 - 91311:139707890665280 - add switch : /World/forklift_E/Links/fork/left_v_switch/v_limit_switch/mesh/Contact_Sensor
